[www.tori.pe/index.html]
[backblue.gif]
[fade.gif]
[index.html]
[images.squarespace-cdn.com/content/604f63fbcbfeea1a501c8b6b/57044e5b-7611-4ce4-9f4b-880f4ec0595f/Logo+Tori+Polleria2acd.png]
[assets.squarespace.com/@sqs/polyfiller/1.6/legacy.js]
[use.typekit.net/ik/R6ZXdz520crAnI4tzh1V_iShOyDS1_oJojvLHaAnRM9fe032fFHN4UJLFRbh52jhWDj3FejhwhZKjh4cZAmywAIuw2BR5eJhjyn3MKG0jAFu-WsoShFGZAsude80ZkoRdhXCHKoyjamTiY8Djhy8ZYmC-Ao1Oco8if37OcBDOcu8OfG0SaBuj]
[assets.squarespace.com/universal/scripts-compressed/extract-css-runtime-8e74999511a613cc46c15-min.es-419.js]
[assets.squarespace.com/@sqs/polyfiller/1.6/modern.js]
[assets.squarespace.com/universal/scripts-compressed/cldr-resource-pack-ede72e01bfb324658a0ac-min.en-US.js]
[assets.squarespace.com/universal/scripts-compressed/cldr-resource-pack-e6571e37e348c529b80ee-min.es-419.js]
[assets.squarespace.com/universal/scripts-compressed/common-vendors-stable-41b143070207b0ecd5644-min.es-419.js]
[assets.squarespace.com/universal/scripts-compressed/extract-css-moment-js-vendor-adcac7a6b1ae015ef4be2-min.es-419.js]
[assets.squarespace.com/universal/styles-compressed/commerce-f5a29f34fa3e30d18cdf9-min.es-419.css]
[assets.squarespace.com/universal/scripts-compressed/performance-f154e9f76b0f1f6d03928-min.es-419.js]
[static1.squarespace.com/static/versioned-site-css/604f63fbcbfeea1a501c8b6b/85/5c5a519771c10ba3470d8101/604f63fbcbfeea1a501c8b85/1441/site.css]
[static1.squarespace.com/static/vta/5c5a519771c10ba3470d8101/versioned-assets/1696267403557-QFOIG00IPNO9IXNY7FCN/static.css]
[www.tori.pe/cart.html]
[www.tori.pe/nosotros.html]
[www.tori.pe/promos.html]
[assets.squarespace.com/universal/scripts-compressed/common-vendors-8eb9ff1950e31fc6b2374-min.es-419.js]
[www.tori.pe/carta-delivery.html]
[images.squarespace-cdn.com/content/v1/604f63fbcbfeea1a501c8b6b/1649031806646-KSHD8ER8GHKYJJ1FJ654/Logo_Torisolonegro26f7.png]
[www.tori.pe/carta-salon.html]
[images.squarespace-cdn.com/content/v1/604f63fbcbfeea1a501c8b6b/1615830580589-THLW4VXU33RSBE90XY2K/LOGO+2+ROJO26f7.png]
[assets.squarespace.com/universal/scripts-compressed/commerce-f62e7e410c50e1d2f9491-min.es-419.js]
[images.squarespace-cdn.com/content/v1/604f63fbcbfeea1a501c8b6b/0bcd7ad0-1043-4488-8846-34e859d2c0cd/¡regresaron!+(5).png]
[images.squarespace-cdn.com/content/v1/604f63fbcbfeea1a501c8b6b/1618275862241-8QPSZ1QQLA90MSRJZXFL/TRES+PLATOS.png]
[images.squarespace-cdn.com/content/v1/604f63fbcbfeea1a501c8b6b/1615852157678-UCVE4LEQ03SCT92P29EJ/edit+mesa+familia+cenital+manos.jpg]
[assets.squarespace.com/universal/scripts-compressed/common-7ae80e233ba86cd04801c-min.es-419.js]
[images.squarespace-cdn.com/content/v1/604f63fbcbfeea1a501c8b6b/9d895aa7-06ee-458e-be4a-ea95c61d859a/Diseño+sin+título+(2).png]
[images.squarespace-cdn.com/content/v1/604f63fbcbfeea1a501c8b6b/51b2faf5-cc54-4c03-b566-89dde8e4627a/libro+rojor+transparente.png]
[www.tori.pe/index.html]
[assets.squarespace.com/universal/images-v6/standard/icon_close_7_light.png]
[assets.squarespace.com/universal/styles-compressed/commerce-f5a29f34fa3e30d18cdf9-min.es-419.css]
[assets.squarespace.com/universal/images-v6/damask/error-dark.png]
[assets.squarespace.com/universal/images-v6/damask/error-dark@2x.png]
[static1.squarespace.com/static/vta/5c5a519771c10ba3470d8101/scripts/site-bundle.09dcfc5cc27279f83108e258496396c2.js]
[assets.squarespace.com/universal/images-v6/damask/play-button.png]
[assets.squarespace.com/universal/images-v6/damask/play-button@2x.png]
[assets.squarespace.com/universal/images-v6/damask/edit-aviary-light.png]
[assets.squarespace.com/universal/images-v6/damask/edit-aviary-light@2x.png]
[assets.squarespace.com/universal/images-v6/damask/edit-info-light.png]
[assets.squarespace.com/universal/images-v6/damask/edit-info-light@2x.png]
[assets.squarespace.com/universal/images-v6/damask/trash-9-light.png]
[assets.squarespace.com/universal/images-v6/damask/trash-9-light@2x.png]
[assets.squarespace.com/universal/images-v6/damask/trash-9-red.png]
[assets.squarespace.com/universal/images-v6/damask/trash-9-red@2x.png]
[assets.squarespace.com/universal/images-v6/damask/getty-16-light.png]
[assets.squarespace.com/universal/images-v6/damask/getty-32-light.png]
[assets.squarespace.com/universal/images-v6/damask/shopping-cart-16-light.png]
[assets.squarespace.com/universal/images-v6/damask/shopping-cart-32-light.png]
[assets.squarespace.com/universal/images-v6/icons/block-indicator-dark.png]
[static1.squarespace.com/universal/images-v6/icons/block-indicator-dark@2x.png]
[static1.squarespace.com/universal/images-v6/icons/opentable-icons.png]
[assets.squarespace.com/universal/images-v6/icons/icon-searchqueries-20-dark.png]
[assets.squarespace.com/universal/images-v6/icons/icon-searchqueries-20-light.png]
[assets.squarespace.com/universal/images-v6/icons/icon-video-24-light-solid.png]
[assets.squarespace.com/universal/images-v6/icons/icon-settings-16-light.png]
[static1.squarespace.com/static/versioned-site-css/604f63fbcbfeea1a501c8b6b/85/5c5a519771c10ba3470d8101/604f63fbcbfeea1a501c8b85/1441/site.css]
[static1.squarespace.com/static/vta/5c5a519771c10ba3470d8101/versioned-assets/1696267403557-QFOIG00IPNO9IXNY7FCN/static.css]
[assets.squarespace.com/universal/scripts-compressed/extract-css-runtime-1e34bbdca1e4a6a374450-min.es-419.js]
[static1.squarespace.com/static/versioned-site-css/604f63fbcbfeea1a501c8b6b/85/5c5a519771c10ba3470d8101/604f63fbcbfeea1a501c8b85/1442/site.css]
[www.tori.pe/cart.html]
[images.squarespace-cdn.com/content/v1/604f63fbcbfeea1a501c8b6b/209635cf-33dc-4f13-94a7-767a0435b746/TORI+1.jpg]
[www.tori.pe/nosotros.html]
[images.squarespace-cdn.com/content/v1/604f63fbcbfeea1a501c8b6b/1615838179688-8L3Z8BBRFKR6WF2NKEK5/cuadricula.png]
[images.squarespace-cdn.com/content/v1/604f63fbcbfeea1a501c8b6b/3d3dbd87-75f7-4c6e-bf49-6893f184d515/Diseño+sin+título+(6).png]
[www.tori.pe/terminos-y-condiciones/miercoles-pollito.html]
[images.squarespace-cdn.com/content/v1/604f63fbcbfeea1a501c8b6b/c6869982-7336-447b-b487-0e4bfa3dfa2c/TORI+79.jpg]
[images.squarespace-cdn.com/content/v1/604f63fbcbfeea1a501c8b6b/294f06b0-320d-4961-8fe9-32820998cd1a/Combo+Tori+Brasa.jpg]
[images.squarespace-cdn.com/content/v1/604f63fbcbfeea1a501c8b6b/54503285-ce1f-4c7f-842a-f414ef2ff83e/1.2+Combo+Tori+Brasa.jpg]
[assets.squarespace.com/universal/scripts-compressed/commerce-checkout-69ff05ff2c469049abe4b-min.es-419.js]
[images.squarespace-cdn.com/content/v1/604f63fbcbfeea1a501c8b6b/26df5adc-3dc6-4583-9319-39cf33f45d19/Promo+Sanguchazo.jpg]
[www.tori.pe/promos.html]
[www.tori.pe/carta-delivery.html]
[www.tori.pe/carta-salon.html]
[static1.squarespace.com/static/versioned-site-css/604f63fbcbfeea1a501c8b6b/85/5c5a519771c10ba3470d8101/604f63fbcbfeea1a501c8b85/1442/site.css]
[www.tori.pe/terminos-y-condiciones/miercoles-pollito.html]
[images.squarespace-cdn.com/content/604f63fbcbfeea1a501c8b6b/1654644208674-INIUBFAM6K9OMUEKYS91/detalle+ajita43a3.html]
